T8020286.java:12:13: compiler.err.prob.found.req: (compiler.misc.inconvertible.types: int, java.lang.String)
T8020286.java:13:10: compiler.err.prob.found.req: (compiler.misc.inconvertible.types: int, java.lang.String)
2 errors
