DiagnosticRewriterTest.java:12:15: compiler.err.prob.found.req: (compiler.misc.possible.loss.of.precision: long, int)
1 error
